// Jest Snapshot v1, https://goo.gl/fbAQLP

exports[`SearchResultTwo SearchResultTwo Page should render SearchResultTwo 1`] = `undefined`;
