// Jest Snapshot v1, https://goo.gl/fbAQLP

exports[`SubmitButton SubmitButton Page should render SubmitButton 1`] = `undefined`;
