// Jest Snapshot v1, https://goo.gl/fbAQLP

exports[`SearchResultOne SearchResultOne Page should render SearchResultOne 1`] = `undefined`;
