// Jest Snapshot v1, https://goo.gl/fbAQLP

exports[`ErrorBoundary ErrorBoundary Page should render ErrorBoundary 1`] = `undefined`;
