// Jest Snapshot v1, https://goo.gl/fbAQLP

exports[`Radio Radio Page should render Radio 1`] = `undefined`;
